// Jest Snapshot v1, https://goo.gl/fbAQLP

exports[`@ima/plugin-logger export should export all components 1`] = `
Object {
  "beSilent": [Function],
  "configureLogger": [Function],
  "debug": [Function],
  "debugIf": [Function],
  "error": [Function],
  "errorIf": [Function],
  "info": [Function],
  "infoIf": [Function],
  "isSilent": [Function],
  "log": [Function],
  "logIf": [Function],
  "rejectIf": [Function],
  "throwIf": [Function],
  "warn": [Function],
  "warnIf": [Function],
}
`;
