// Jest Snapshot v1, https://goo.gl/fbAQLP

exports[`Main can export all necessary properties 1`] = `
{
  "clearImaApp": [Function],
  "getConfig": [Function],
  "initImaApp": [Function],
  "setConfig": [Function],
}
`;
